
======================================================================
  Run started  2026-05-17 04:48:05 UTC
======================================================================

[main] Loading data from '../data/job_search_platform_efficacy_100k.csv' ...
[main] Raw shape: (100000, 20)

[main] Preparing data ...
[prepare] Starting data preparation …
[prepare] Step 1 — cleaning …
  Shape after cleaning: (100000, 14)
[prepare] Step 2 — building target …
  Class distribution:
Offer_Received
0    65771
1    34229
[prepare] Step 3 — encoding …
  Numeric     (8): ['GPA', 'Prior_Internships', 'Extra_Curricular_Activities', 'Networking_Events_Attended', 'Months_Searching', 'Applications_Submitted', 'First_Round_Interviews', 'Second_Round_Interviews']
  Categorical (5): ['University_Rating', 'School_Size', 'Region', 'Major_Category', 'Primary_Search_Platform']
[prepare] Step 4 — train/test split …
  Train (80000, 21)  |  Test (20000, 21)
  n_classes=2  class_weights={0: 0.7602105783301975, 1: 1.4607603257495527}
[prepare] Step 5 — standardising …
[prepare] Step 6 — feature engineering (degree=2, fe_kind='logreg') …

======================================================================
  Run started  2026-05-17 04:52:43 UTC
======================================================================

[main] Loading data from '../data/job_search_platform_efficacy_100k.csv' ...
[main] Raw shape: (100000, 20)

[main] Preparing data ...
[prepare] Starting data preparation …
[prepare] Step 1 — cleaning …
  Shape after cleaning: (100000, 14)
[prepare] Step 2 — building target …
  Class distribution:
Offer_Received
0    65771
1    34229
[prepare] Step 3 — encoding …
  Numeric     (8): ['GPA', 'Prior_Internships', 'Extra_Curricular_Activities', 'Networking_Events_Attended', 'Months_Searching', 'Applications_Submitted', 'First_Round_Interviews', 'Second_Round_Interviews']
  Categorical (5): ['University_Rating', 'School_Size', 'Region', 'Major_Category', 'Primary_Search_Platform']
[prepare] Step 4 — train/test split …
  Train (80000, 21)  |  Test (20000, 21)
  n_classes=2  class_weights={0: 0.7602105783301975, 1: 1.4607603257495527}
[prepare] Step 5 — standardising …
[prepare] Step 6 — feature engineering (degree=2, fe_kind='logreg') …

======================================================================
  Run started  2026-05-17 04:56:04 UTC
======================================================================

[main] Loading data from '../data/job_search_platform_efficacy_100k.csv' ...
[main] Raw shape: (100000, 20)

[main] Preparing data ...
[prepare] Starting data preparation …
[prepare] Step 1 — cleaning …
  Shape after cleaning: (100000, 14)
[prepare] Step 2 — building target …
  Class distribution:
Offer_Received
0    65771
1    34229
[prepare] Step 3 — encoding …
  Numeric     (8): ['GPA', 'Prior_Internships', 'Extra_Curricular_Activities', 'Networking_Events_Attended', 'Months_Searching', 'Applications_Submitted', 'First_Round_Interviews', 'Second_Round_Interviews']
  Categorical (5): ['University_Rating', 'School_Size', 'Region', 'Major_Category', 'Primary_Search_Platform']
[prepare] Step 4 — train/test split …
  Train (80000, 21)  |  Test (20000, 21)
  n_classes=2  class_weights={0: 0.7602105783301975, 1: 1.4607603257495527}
[prepare] Step 5 — standardising …
[prepare] Step 6 — feature engineering (degree=2, fe_kind='logreg') …
  [FE] remaining candidates: 36
  [FE] +Second_Round_Interviews  →  cv acc = 0.7745
  [FE] remaining candidates: 35
  [FE] +First_Round_Interviews  →  cv acc = 0.7922
  [FE] remaining candidates: 34
  [FE] +Prior_Internships  →  cv acc = 0.7962
  [FE] remaining candidates: 33
  [FE] +Months_Searching First_Round_Interviews  →  cv acc = 0.8051
  [FE] remaining candidates: 32
  [FE] +Months_Searching  →  cv acc = 0.8101
  [FE] remaining candidates: 31
  [FE] +First_Round_Interviews Second_Round_Interviews  →  cv acc = 0.8152
  [FE] remaining candidates: 30
  [FE] +Applications_Submitted Second_Round_Interviews  →  cv acc = 0.8254
  [FE] remaining candidates: 29
  [FE] +GPA  →  cv acc = 0.8287
  [FE] remaining candidates: 28
  [FE] +Applications_Submitted  →  cv acc = 0.8303
  [FE] remaining candidates: 27
  [FE] +Applications_Submitted First_Round_Interviews  →  cv acc = 0.8325
  [FE] remaining candidates: 26
  [FE] +Prior_Internships Applications_Submitted  →  cv acc = 0.8338
  [FE] remaining candidates: 25
  [FE] +Months_Searching Applications_Submitted  →  cv acc = 0.8350
  [FE] remaining candidates: 24
  [FE] +GPA Prior_Internships  →  cv acc = 0.8352
  [FE] remaining candidates: 23
  [FE] +GPA Months_Searching  →  cv acc = 0.8353
  [FE] remaining candidates: 22
  [FE] +Networking_Events_Attended Applications_Submitted  →  cv acc = 0.8353
  [FE] remaining candidates: 21
  [FE] +Networking_Events_Attended First_Round_Interviews  →  cv acc = 0.8353
  [FE] remaining candidates: 20
  [FE] +GPA Extra_Curricular_Activities  →  cv acc = 0.8354
  [FE] remaining candidates: 19
  [FE] +Extra_Curricular_Activities First_Round_Interviews  →  cv acc = 0.8355
  [FE] remaining candidates: 18
  [FE] +Prior_Internships Networking_Events_Attended  →  cv acc = 0.8355
  [FE] remaining candidates: 17
  [FE] +Extra_Curricular_Activities Networking_Events_Attended  →  cv acc = 0.8354
  [FE] remaining candidates: 16
  [FE] +Networking_Events_Attended Second_Round_Interviews  →  cv acc = 0.8354
  [FE] remaining candidates: 15
  [FE] +GPA Second_Round_Interviews  →  cv acc = 0.8354
  [FE] remaining candidates: 14
  [FE] +Extra_Curricular_Activities  →  cv acc = 0.8354
  [FE] remaining candidates: 13
  [FE] +Extra_Curricular_Activities Months_Searching  →  cv acc = 0.8355
  [FE] remaining candidates: 12
  [FE] +Prior_Internships Extra_Curricular_Activities  →  cv acc = 0.8354
  [FE] remaining candidates: 11
  [FE] +Networking_Events_Attended  →  cv acc = 0.8354
  [FE] remaining candidates: 10
  [FE] +GPA Networking_Events_Attended  →  cv acc = 0.8354
  [FE] remaining candidates: 9
  [FE] +Prior_Internships First_Round_Interviews  →  cv acc = 0.8353
  [FE] remaining candidates: 8
  [FE] +Prior_Internships Second_Round_Interviews  →  cv acc = 0.8353
  [FE] remaining candidates: 7
  [FE] +Extra_Curricular_Activities Second_Round_Interviews  →  cv acc = 0.8354
  [FE] remaining candidates: 6
  [FE] +Extra_Curricular_Activities Applications_Submitted  →  cv acc = 0.8353
  [FE] remaining candidates: 5
  [FE] +Networking_Events_Attended Months_Searching  →  cv acc = 0.8353
  [FE] remaining candidates: 4
  [FE] +Months_Searching Second_Round_Interviews  →  cv acc = 0.8350
  [FE] remaining candidates: 3
  [FE] +GPA First_Round_Interviews  →  cv acc = 0.8348
  [FE] remaining candidates: 2
  [FE] +GPA Applications_Submitted  →  cv acc = 0.8346
  [FE] remaining candidates: 1
  [FE] +Prior_Internships Months_Searching  →  cv acc = 0.8343
  [FE] 13 / 36 polynomial columns selected.

[prepare] Done.
  X_train_FE   : (80000, 34)
  X_train_base : (80000, 21)
  Features before encoding (13): ['University_Rating', 'School_Size', 'Region', 'Major_Category', 'GPA', 'Prior_Internships', 'Extra_Curricular_Activities', 'Networking_Events_Attended', 'Primary_Search_Platform', 'Months_Searching', 'Applications_Submitted', 'First_Round_Interviews', 'Second_Round_Interviews']

[main] Building model specs ...
[main] 9 models will be trained:
  * KNN (tuned)  [FE]
  * Logistic Regression  [FE]
  * Ridge Logistic Regression  [FE]
  * Lasso Logistic Regression  [FE]
  * LinearSVC  [FE]
  * Decision Tree (tuned)  [base]
  * Random Forest (tuned)  [base]
  * Gradient Boosting (tuned)  [base]
  * Kernel SVM (Nystroem RBF)  [base]

[main] Training models ...

  Baseline (most-frequent class = No Offer_Received)  test accuracy: 0.6577

──────────────────────────────────────────────────────────────
  Training : KNN (tuned)  [FE]
──────────────────────────────────────────────────────────────
  Round 1 : coarse grid  (60 combos × 5-fold CV)
    best params : {'metric': 'manhattan', 'n_neighbors': np.int64(31), 'weights': 'distance'}
    val accuracy: 0.8813
  Round 2 : fine grid    (7 combos × 5-fold CV)
    best params : {'metric': 'manhattan', 'n_neighbors': np.int64(34), 'weights': 'distance'}
    val accuracy: 0.8824
  Test accuracy : 0.8824   (362.0s total)

──────────────────────────────────────────────────────────────
  Training : Logistic Regression  [FE]
──────────────────────────────────────────────────────────────
  Round 1 : no hyperparameters — fitting directly.
  Round 2 : skipped (refine_fn returned empty grid).
  Test accuracy : 0.8377   (0.6s total)

──────────────────────────────────────────────────────────────
  Training : Ridge Logistic Regression  [FE]
──────────────────────────────────────────────────────────────
  Round 1 : coarse grid  (9 combos × 5-fold CV)
    best params : {'C': np.float64(1.0)}
    val accuracy: 0.8380
  Round 2 : fine grid    (11 combos × 5-fold CV)
    best params : {'C': np.float64(0.5011872336272722)}
    val accuracy: 0.8380
  Test accuracy : 0.8377   (2.6s total)

──────────────────────────────────────────────────────────────
  Training : Lasso Logistic Regression  [FE]
──────────────────────────────────────────────────────────────
  Round 1 : coarse grid  (9 combos × 5-fold CV)
    best params : {'C': np.float64(0.1)}
    val accuracy: 0.8379
  Round 2 : fine grid    (11 combos × 5-fold CV)
    best params : {'C': np.float64(0.12589254117941676)}
    val accuracy: 0.8379
  Test accuracy : 0.8374   (13.3s total)

──────────────────────────────────────────────────────────────
  Training : LinearSVC  [FE]
──────────────────────────────────────────────────────────────
  Round 1 : coarse grid  (22 combos × 5-fold CV)
    best params : {'estimator__C': 0.01, 'estimator__loss': 'hinge'}
    val accuracy: 0.8378
  Round 2 : fine grid    (11 combos × 5-fold CV)
    best params : {'estimator__C': np.float64(0.003981071705534973), 'estimator__loss': 'hinge'}
    val accuracy: 0.8379
  Test accuracy : 0.8360   (237.6s total)

──────────────────────────────────────────────────────────────
  Training : Decision Tree (tuned)  [base]
──────────────────────────────────────────────────────────────
  Round 1 : coarse grid  (81 combos × 5-fold CV)
    best params : {'max_depth': 15, 'min_samples_leaf': 5, 'min_samples_split': 50}
    val accuracy: 0.9000
  Round 2 : fine grid    (5 combos × 5-fold CV)
    best params : {'max_depth': np.int64(13), 'min_samples_leaf': 5, 'min_samples_split': 50}
    val accuracy: 0.9002
  Test accuracy : 0.9035   (3.4s total)

──────────────────────────────────────────────────────────────
  Training : Random Forest (tuned)  [base]
──────────────────────────────────────────────────────────────
  Round 1 : coarse grid  (50 combos × 5-fold CV)
    best params : {'max_depth': np.int64(21), 'n_estimators': np.int64(301)}
    val accuracy: 0.9069
  Round 2 : fine grid    (105 combos × 5-fold CV)
/work/envs/venv/ML_cpu/lib/python3.11/site-packages/sklearn/linear_model/_logistic.py:1135: FutureWarning: 'penalty' was deprecated in version 1.8 and will be removed in 1.10. To avoid this warning, leave 'penalty' set to its default value and use 'l1_ratio' or 'C' instead. Use l1_ratio=0 instead of penalty='l2', l1_ratio=1 instead of penalty='l1', and C=np.inf instead of penalty=None.
  warnings.warn(
/work/envs/venv/ML_cpu/lib/python3.11/site-packages/sklearn/linear_model/_logistic.py:1135: FutureWarning: 'penalty' was deprecated in version 1.8 and will be removed in 1.10. To avoid this warning, leave 'penalty' set to its default value and use 'l1_ratio' or 'C' instead. Use l1_ratio=0 instead of penalty='l2', l1_ratio=1 instead of penalty='l1', and C=np.inf instead of penalty=None.
  warnings.warn(
/work/envs/venv/ML_cpu/lib/python3.11/site-packages/sklearn/linear_model/_logistic.py:1135: FutureWarning: 'penalty' was deprecated in version 1.8 and will be removed in 1.10. To avoid this warning, leave 'penalty' set to its default value and use 'l1_ratio' or 'C' instead. Use l1_ratio=0 instead of penalty='l2', l1_ratio=1 instead of penalty='l1', and C=np.inf instead of penalty=None.
  warnings.warn(
/work/envs/venv/ML_cpu/lib/python3.11/site-packages/sklearn/linear_model/_logistic.py:1160: UserWarning: Inconsistent values: penalty=l1 with l1_ratio=0.0. penalty is deprecated. Please use l1_ratio only.
  warnings.warn(
/work/envs/venv/ML_cpu/lib/python3.11/site-packages/sklearn/linear_model/_logistic.py:1135: FutureWarning: 'penalty' was deprecated in version 1.8 and will be removed in 1.10. To avoid this warning, leave 'penalty' set to its default value and use 'l1_ratio' or 'C' instead. Use l1_ratio=0 instead of penalty='l2', l1_ratio=1 instead of penalty='l1', and C=np.inf instead of penalty=None.
  warnings.warn(
/work/envs/venv/ML_cpu/lib/python3.11/site-packages/sklearn/linear_model/_logistic.py:1160: UserWarning: Inconsistent values: penalty=l1 with l1_ratio=0.0. penalty is deprecated. Please use l1_ratio only.
  warnings.warn(
/work/envs/venv/ML_cpu/lib/python3.11/site-packages/joblib/externals/loky/process_executor.py:782: UserWarning: A worker stopped while some jobs were given to the executor. This can be caused by a too short worker timeout or by a memory leak.
  warnings.warn(
    best params : {'max_depth': np.int64(21), 'n_estimators': np.int64(304)}
    val accuracy: 0.9071
  Test accuracy : 0.9082   (354.5s total)

──────────────────────────────────────────────────────────────
  Training : Gradient Boosting (tuned)  [base]
──────────────────────────────────────────────────────────────
  Round 1 : coarse grid  (60 combos × 5-fold CV)
    best params : {'learning_rate': 0.05, 'max_depth': 5, 'n_estimators': 300}
    val accuracy: 0.9100
  Round 2 : fine grid    (35 combos × 5-fold CV)
    best params : {'learning_rate': 0.05, 'max_depth': np.int64(5), 'n_estimators': np.int64(310)}
    val accuracy: 0.9101
  Test accuracy : 0.9132   (260.5s total)

──────────────────────────────────────────────────────────────
  Training : Kernel SVM (Nystroem RBF)  [base]
──────────────────────────────────────────────────────────────
  Round 1 : coarse grid  (192 combos × 5-fold CV)
/work/envs/venv/ML_cpu/lib/python3.11/site-packages/joblib/externals/loky/process_executor.py:782: UserWarning: A worker stopped while some jobs were given to the executor. This can be caused by a too short worker timeout or by a memory leak.
  warnings.warn(
    best params : {'clf__C': np.float64(1000.0), 'nystroem__gamma': np.float64(0.1), 'nystroem__n_components': 1000}
    val accuracy: 0.8832
  Round 2 : fine grid    (81 combos × 5-fold CV)
    best params : {'clf__C': np.float64(273.8419634264361), 'nystroem__gamma': np.float64(0.06493816315762113), 'nystroem__n_components': 1000}
    val accuracy: 0.8850
  Test accuracy : 0.8866   (328.0s total)


══════════════════════════════════════════════════════════════
  CLASSIFICATION REPORTS
══════════════════════════════════════════════════════════════

── KNN (tuned) ──
                   precision    recall  f1-score   support

No Offer_Received       0.94      0.88      0.91     13154
   Offer_Received       0.80      0.88      0.84      6846

         accuracy                           0.88     20000
        macro avg       0.87      0.88      0.87     20000
     weighted avg       0.89      0.88      0.88     20000


── Logistic Regression ──
                   precision    recall  f1-score   support

No Offer_Received       0.92      0.82      0.87     13154
   Offer_Received       0.72      0.87      0.79      6846

         accuracy                           0.84     20000
        macro avg       0.82      0.84      0.83     20000
     weighted avg       0.85      0.84      0.84     20000


── Ridge Logistic Regression ──
                   precision    recall  f1-score   support

No Offer_Received       0.92      0.82      0.87     13154
   Offer_Received       0.72      0.87      0.79      6846

         accuracy                           0.84     20000
        macro avg       0.82      0.84      0.83     20000
     weighted avg       0.85      0.84      0.84     20000


── Lasso Logistic Regression ──
                   precision    recall  f1-score   support

No Offer_Received       0.92      0.82      0.87     13154
   Offer_Received       0.72      0.87      0.78      6846

         accuracy                           0.84     20000
        macro avg       0.82      0.84      0.83     20000
     weighted avg       0.85      0.84      0.84     20000


── LinearSVC ──
                   precision    recall  f1-score   support

No Offer_Received       0.87      0.89      0.88     13154
   Offer_Received       0.77      0.74      0.76      6846

         accuracy                           0.84     20000
        macro avg       0.82      0.81      0.82     20000
     weighted avg       0.83      0.84      0.84     20000


── Decision Tree (tuned) ──
                   precision    recall  f1-score   support

No Offer_Received       0.98      0.87      0.92     13154
   Offer_Received       0.80      0.96      0.87      6846

         accuracy                           0.90     20000
        macro avg       0.89      0.92      0.90     20000
     weighted avg       0.92      0.90      0.91     20000


── Random Forest (tuned) ──
                   precision    recall  f1-score   support

No Offer_Received       0.96      0.90      0.93     13154
   Offer_Received       0.83      0.92      0.87      6846

         accuracy                           0.91     20000
        macro avg       0.89      0.91      0.90     20000
     weighted avg       0.91      0.91      0.91     20000


── Gradient Boosting (tuned) ──
                   precision    recall  f1-score   support

No Offer_Received       0.96      0.91      0.93     13154
   Offer_Received       0.84      0.92      0.88      6846

         accuracy                           0.91     20000
        macro avg       0.90      0.91      0.91     20000
     weighted avg       0.92      0.91      0.91     20000


── Kernel SVM (Nystroem RBF) ──
                   precision    recall  f1-score   support

No Offer_Received       0.97      0.86      0.91     13154
   Offer_Received       0.77      0.94      0.85      6846

         accuracy                           0.89     20000
        macro avg       0.87      0.90      0.88     20000
     weighted avg       0.90      0.89      0.89     20000



══════════════════════════════════════════════════════════════
  INDIVIDUAL PREDICTION ANALYSIS
══════════════════════════════════════════════════════════════

══════════════════════════════════════════════════════════════
  Individual prediction analysis : KNN (tuned)
══════════════════════════════════════════════════════════════

  ── BEST (correct, highest confidence) ──
    #1  index=0  true=No Offer_Received  predicted=No Offer_Received  confidence=1.0000
    numeric features:
      GPA                                : +0.285
      Prior_Internships                  : +0.716
      Extra_Curricular_Activities        : -1.419
      Networking_Events_Attended         : +0.575
      Months_Searching                   : +1.305
      Applications_Submitted             : +4.821
      First_Round_Interviews             : -0.087
      Second_Round_Interviews            : -0.889
    #2  index=18  true=No Offer_Received  predicted=No Offer_Received  confidence=1.0000
    numeric features:
      GPA                                : +0.234
      Prior_Internships                  : -0.175
      Extra_Curricular_Activities        : +2.114
      Networking_Events_Attended         : +1.728
      Months_Searching                   : -0.729
      Applications_Submitted             : -0.528
      First_Round_Interviews             : -0.087
      Second_Round_Interviews            : -0.010
    #3  index=21  true=No Offer_Received  predicted=No Offer_Received  confidence=1.0000
    numeric features:
      GPA                                : -0.377
      Prior_Internships                  : -1.066
      Extra_Curricular_Activities        : -0.005
      Networking_Events_Attended         : -0.578
      Months_Searching                   : +0.724
      Applications_Submitted             : -0.107
      First_Round_Interviews             : +0.962
      Second_Round_Interviews            : -0.889

  ── WORST (wrong,   highest confidence) ──
    #1  index=3  true=No Offer_Received  predicted=Offer_Received  confidence=1.0000
    numeric features:
      GPA                                : -0.810
      Prior_Internships                  : -1.066
      Extra_Curricular_Activities        : -1.419
      Networking_Events_Attended         : -0.001
      Months_Searching                   : +0.143
      Applications_Submitted             : -0.351
      First_Round_Interviews             : -1.136
      Second_Round_Interviews            : -0.889
    #2  index=7  true=No Offer_Received  predicted=Offer_Received  confidence=1.0000
    numeric features:
      GPA                                : +0.311
      Prior_Internships                  : -1.066
      Extra_Curricular_Activities        : +3.528
      Networking_Events_Attended         : -0.578
      Months_Searching                   : +1.596
      Applications_Submitted             : +2.046
      First_Round_Interviews             : +4.108
      Second_Round_Interviews            : +0.869
    #3  index=19981  true=Offer_Received  predicted=No Offer_Received  confidence=1.0000
    numeric features:
      GPA                                : +0.413
      Prior_Internships                  : +0.716
      Extra_Curricular_Activities        : +0.701
      Networking_Events_Attended         : +0.575
      Months_Searching                   : +0.143
      Applications_Submitted             : -0.417
      First_Round_Interviews             : -0.087
      Second_Round_Interviews            : +0.869

══════════════════════════════════════════════════════════════
  Individual prediction analysis : Logistic Regression
══════════════════════════════════════════════════════════════

  ── BEST (correct, highest confidence) ──
    #1  index=15637  true=No Offer_Received  predicted=No Offer_Received  confidence=1.0000
    numeric features:
      GPA                                : -2.339
      Prior_Internships                  : -0.175
      Extra_Curricular_Activities        : -0.005
      Networking_Events_Attended         : -0.001
      Months_Searching                   : +1.305
      Applications_Submitted             : +0.182
      First_Round_Interviews             : +6.205
      Second_Round_Interviews            : +5.262
    #2  index=10130  true=No Offer_Received  predicted=No Offer_Received  confidence=1.0000
    numeric features:
      GPA                                : -1.727
      Prior_Internships                  : -0.175
      Extra_Curricular_Activities        : -0.005
      Networking_Events_Attended         : +0.575
      Months_Searching                   : +1.596
      Applications_Submitted             : +2.402
      First_Round_Interviews             : +9.876
      Second_Round_Interviews            : +4.383
    #3  index=1050  true=No Offer_Received  predicted=No Offer_Received  confidence=1.0000
    numeric features:
      GPA                                : -0.836
      Prior_Internships                  : -0.175
      Extra_Curricular_Activities        : +0.701
      Networking_Events_Attended         : -1.154
      Months_Searching                   : +0.724
      Applications_Submitted             : +0.559
      First_Round_Interviews             : +5.681
      Second_Round_Interviews            : +4.383

  ── WORST (wrong,   highest confidence) ──
    #1  index=3298  true=Offer_Received  predicted=No Offer_Received  confidence=0.9999
    numeric features:
      GPA                                : +0.897
      Prior_Internships                  : +0.716
      Extra_Curricular_Activities        : +1.408
      Networking_Events_Attended         : -1.730
      Months_Searching                   : -0.148
      Applications_Submitted             : +2.046
      First_Round_Interviews             : +1.486
      Second_Round_Interviews            : +3.505
    #2  index=11176  true=No Offer_Received  predicted=Offer_Received  confidence=0.9999
    numeric features:
      GPA                                : -0.046
      Prior_Internships                  : -1.066
      Extra_Curricular_Activities        : -0.005
      Networking_Events_Attended         : +0.575
      Months_Searching                   : +1.305
      Applications_Submitted             : +4.910
      First_Round_Interviews             : -0.087
      Second_Round_Interviews            : -0.889
    #3  index=15509  true=No Offer_Received  predicted=Offer_Received  confidence=0.9999
    numeric features:
      GPA                                : -1.269
      Prior_Internships                  : -1.066
      Extra_Curricular_Activities        : -0.712
      Networking_Events_Attended         : -0.578
      Months_Searching                   : +0.433
      Applications_Submitted             : +2.002
      First_Round_Interviews             : -1.136
      Second_Round_Interviews            : -0.889

══════════════════════════════════════════════════════════════
  Individual prediction analysis : Ridge Logistic Regression
══════════════════════════════════════════════════════════════

  ── BEST (correct, highest confidence) ──
    #1  index=10130  true=No Offer_Received  predicted=No Offer_Received  confidence=1.0000
    numeric features:
      GPA                                : -1.727
      Prior_Internships                  : -0.175
      Extra_Curricular_Activities        : -0.005
      Networking_Events_Attended         : +0.575
      Months_Searching                   : +1.596
      Applications_Submitted             : +2.402
      First_Round_Interviews             : +9.876
      Second_Round_Interviews            : +4.383
    #2  index=15637  true=No Offer_Received  predicted=No Offer_Received  confidence=1.0000
    numeric features:
      GPA                                : -2.339
      Prior_Internships                  : -0.175
      Extra_Curricular_Activities        : -0.005
      Networking_Events_Attended         : -0.001
      Months_Searching                   : +1.305
      Applications_Submitted             : +0.182
      First_Round_Interviews             : +6.205
      Second_Round_Interviews            : +5.262
    #3  index=1050  true=No Offer_Received  predicted=No Offer_Received  confidence=1.0000
    numeric features:
      GPA                                : -0.836
      Prior_Internships                  : -0.175
      Extra_Curricular_Activities        : +0.701
      Networking_Events_Attended         : -1.154
      Months_Searching                   : +0.724
      Applications_Submitted             : +0.559
      First_Round_Interviews             : +5.681
      Second_Round_Interviews            : +4.383

  ── WORST (wrong,   highest confidence) ──
    #1  index=3298  true=Offer_Received  predicted=No Offer_Received  confidence=0.9999
    numeric features:
      GPA                                : +0.897
      Prior_Internships                  : +0.716
      Extra_Curricular_Activities        : +1.408
      Networking_Events_Attended         : -1.730
      Months_Searching                   : -0.148
      Applications_Submitted             : +2.046
      First_Round_Interviews             : +1.486
      Second_Round_Interviews            : +3.505
    #2  index=11176  true=No Offer_Received  predicted=Offer_Received  confidence=0.9999
    numeric features:
      GPA                                : -0.046
      Prior_Internships                  : -1.066
      Extra_Curricular_Activities        : -0.005
      Networking_Events_Attended         : +0.575
      Months_Searching                   : +1.305
      Applications_Submitted             : +4.910
      First_Round_Interviews             : -0.087
      Second_Round_Interviews            : -0.889
    #3  index=15509  true=No Offer_Received  predicted=Offer_Received  confidence=0.9999
    numeric features:
      GPA                                : -1.269
      Prior_Internships                  : -1.066
      Extra_Curricular_Activities        : -0.712
      Networking_Events_Attended         : -0.578
      Months_Searching                   : +0.433
      Applications_Submitted             : +2.002
      First_Round_Interviews             : -1.136
      Second_Round_Interviews            : -0.889

══════════════════════════════════════════════════════════════
  Individual prediction analysis : Lasso Logistic Regression
══════════════════════════════════════════════════════════════

  ── BEST (correct, highest confidence) ──
    #1  index=10130  true=No Offer_Received  predicted=No Offer_Received  confidence=1.0000
    numeric features:
      GPA                                : -1.727
      Prior_Internships                  : -0.175
      Extra_Curricular_Activities        : -0.005
      Networking_Events_Attended         : +0.575
      Months_Searching                   : +1.596
      Applications_Submitted             : +2.402
      First_Round_Interviews             : +9.876
      Second_Round_Interviews            : +4.383
    #2  index=15637  true=No Offer_Received  predicted=No Offer_Received  confidence=1.0000
    numeric features:
      GPA                                : -2.339
      Prior_Internships                  : -0.175
      Extra_Curricular_Activities        : -0.005
      Networking_Events_Attended         : -0.001
      Months_Searching                   : +1.305
      Applications_Submitted             : +0.182
      First_Round_Interviews             : +6.205
      Second_Round_Interviews            : +5.262
    #3  index=1050  true=No Offer_Received  predicted=No Offer_Received  confidence=1.0000
    numeric features:
      GPA                                : -0.836
      Prior_Internships                  : -0.175
      Extra_Curricular_Activities        : +0.701
      Networking_Events_Attended         : -1.154
      Months_Searching                   : +0.724
      Applications_Submitted             : +0.559
      First_Round_Interviews             : +5.681
      Second_Round_Interviews            : +4.383

  ── WORST (wrong,   highest confidence) ──
    #1  index=3298  true=Offer_Received  predicted=No Offer_Received  confidence=0.9999
    numeric features:
      GPA                                : +0.897
      Prior_Internships                  : +0.716
      Extra_Curricular_Activities        : +1.408
      Networking_Events_Attended         : -1.730
      Months_Searching                   : -0.148
      Applications_Submitted             : +2.046
      First_Round_Interviews             : +1.486
      Second_Round_Interviews            : +3.505
    #2  index=11176  true=No Offer_Received  predicted=Offer_Received  confidence=0.9999
    numeric features:
      GPA                                : -0.046
      Prior_Internships                  : -1.066
      Extra_Curricular_Activities        : -0.005
      Networking_Events_Attended         : +0.575
      Months_Searching                   : +1.305
      Applications_Submitted             : +4.910
      First_Round_Interviews             : -0.087
      Second_Round_Interviews            : -0.889
    #3  index=15509  true=No Offer_Received  predicted=Offer_Received  confidence=0.9999
    numeric features:
      GPA                                : -1.269
      Prior_Internships                  : -1.066
      Extra_Curricular_Activities        : -0.712
      Networking_Events_Attended         : -0.578
      Months_Searching                   : +0.433
      Applications_Submitted             : +2.002
      First_Round_Interviews             : -1.136
      Second_Round_Interviews            : -0.889

══════════════════════════════════════════════════════════════
  Individual prediction analysis : LinearSVC
══════════════════════════════════════════════════════════════

  ── BEST (correct, highest confidence) ──
    #1  index=10130  true=No Offer_Received  predicted=No Offer_Received  confidence=1.0000
    numeric features:
      GPA                                : -1.727
      Prior_Internships                  : -0.175
      Extra_Curricular_Activities        : -0.005
      Networking_Events_Attended         : +0.575
      Months_Searching                   : +1.596
      Applications_Submitted             : +2.402
      First_Round_Interviews             : +9.876
      Second_Round_Interviews            : +4.383
    #2  index=15637  true=No Offer_Received  predicted=No Offer_Received  confidence=1.0000
    numeric features:
      GPA                                : -2.339
      Prior_Internships                  : -0.175
      Extra_Curricular_Activities        : -0.005
      Networking_Events_Attended         : -0.001
      Months_Searching                   : +1.305
      Applications_Submitted             : +0.182
      First_Round_Interviews             : +6.205
      Second_Round_Interviews            : +5.262
    #3  index=1050  true=No Offer_Received  predicted=No Offer_Received  confidence=1.0000
    numeric features:
      GPA                                : -0.836
      Prior_Internships                  : -0.175
      Extra_Curricular_Activities        : +0.701
      Networking_Events_Attended         : -1.154
      Months_Searching                   : +0.724
      Applications_Submitted             : +0.559
      First_Round_Interviews             : +5.681
      Second_Round_Interviews            : +4.383

  ── WORST (wrong,   highest confidence) ──
    #1  index=11176  true=No Offer_Received  predicted=Offer_Received  confidence=1.0000
    numeric features:
      GPA                                : -0.046
      Prior_Internships                  : -1.066
      Extra_Curricular_Activities        : -0.005
      Networking_Events_Attended         : +0.575
      Months_Searching                   : +1.305
      Applications_Submitted             : +4.910
      First_Round_Interviews             : -0.087
      Second_Round_Interviews            : -0.889
    #2  index=10842  true=No Offer_Received  predicted=Offer_Received  confidence=1.0000
    numeric features:
      GPA                                : -1.778
      Prior_Internships                  : -1.066
      Extra_Curricular_Activities        : -0.005
      Networking_Events_Attended         : +1.728
      Months_Searching                   : +1.596
      Applications_Submitted             : +3.556
      First_Round_Interviews             : -0.612
      Second_Round_Interviews            : -0.889
    #3  index=15509  true=No Offer_Received  predicted=Offer_Received  confidence=0.9999
    numeric features:
      GPA                                : -1.269
      Prior_Internships                  : -1.066
      Extra_Curricular_Activities        : -0.712
      Networking_Events_Attended         : -0.578
      Months_Searching                   : +0.433
      Applications_Submitted             : +2.002
      First_Round_Interviews             : -1.136
      Second_Round_Interviews            : -0.889

══════════════════════════════════════════════════════════════
  Individual prediction analysis : Decision Tree (tuned)
══════════════════════════════════════════════════════════════

  ── BEST (correct, highest confidence) ──
    #1  index=9785  true=Offer_Received  predicted=Offer_Received  confidence=1.0000
    numeric features:
      GPA                                : +0.515
      Prior_Internships                  : +0.716
      Extra_Curricular_Activities        : -0.712
      Networking_Events_Attended         : +0.575
      Months_Searching                   : -1.020
      Applications_Submitted             : -0.994
      First_Round_Interviews             : -0.087
      Second_Round_Interviews            : +0.869
    #2  index=9794  true=No Offer_Received  predicted=No Offer_Received  confidence=1.0000
    numeric features:
      GPA                                : -2.593
      Prior_Internships                  : -1.066
      Extra_Curricular_Activities        : -0.005
      Networking_Events_Attended         : +1.151
      Months_Searching                   : -0.729
      Applications_Submitted             : -0.972
      First_Round_Interviews             : -1.136
      Second_Round_Interviews            : -0.889
    #3  index=8  true=No Offer_Received  predicted=No Offer_Received  confidence=1.0000
    numeric features:
      GPA                                : -1.778
      Prior_Internships                  : -0.175
      Extra_Curricular_Activities        : -0.712
      Networking_Events_Attended         : +1.728
      Months_Searching                   : -1.601
      Applications_Submitted             : -0.795
      First_Round_Interviews             : -1.136
      Second_Round_Interviews            : -0.889

  ── WORST (wrong,   highest confidence) ──
    #1  index=3  true=No Offer_Received  predicted=Offer_Received  confidence=1.0000
    numeric features:
      GPA                                : -0.810
      Prior_Internships                  : -1.066
      Extra_Curricular_Activities        : -1.419
      Networking_Events_Attended         : -0.001
      Months_Searching                   : +0.143
      Applications_Submitted             : -0.351
      First_Round_Interviews             : -1.136
      Second_Round_Interviews            : -0.889
    #2  index=19972  true=No Offer_Received  predicted=Offer_Received  confidence=1.0000
    numeric features:
      GPA                                : -1.243
      Prior_Internships                  : -0.175
      Extra_Curricular_Activities        : +0.701
      Networking_Events_Attended         : +2.304
      Months_Searching                   : +1.014
      Applications_Submitted             : +1.314
      First_Round_Interviews             : -1.136
      Second_Round_Interviews            : -0.889
    #3  index=32  true=No Offer_Received  predicted=Offer_Received  confidence=1.0000
    numeric features:
      GPA                                : +0.056
      Prior_Internships                  : -1.066
      Extra_Curricular_Activities        : +0.701
      Networking_Events_Attended         : -0.001
      Months_Searching                   : -0.729
      Applications_Submitted             : -0.395
      First_Round_Interviews             : +0.437
      Second_Round_Interviews            : +0.869

══════════════════════════════════════════════════════════════
  Individual prediction analysis : Random Forest (tuned)
══════════════════════════════════════════════════════════════

  ── BEST (correct, highest confidence) ──
    #1  index=14  true=No Offer_Received  predicted=No Offer_Received  confidence=1.0000
    numeric features:
      GPA                                : +0.031
      Prior_Internships                  : -0.175
      Extra_Curricular_Activities        : -1.419
      Networking_Events_Attended         : -0.001
      Months_Searching                   : +1.596
      Applications_Submitted             : +1.469
      First_Round_Interviews             : -1.136
      Second_Round_Interviews            : -0.889
    #2  index=14700  true=No Offer_Received  predicted=No Offer_Received  confidence=1.0000
    numeric features:
      GPA                                : -0.352
      Prior_Internships                  : +1.607
      Extra_Curricular_Activities        : -1.419
      Networking_Events_Attended         : -0.001
      Months_Searching                   : -1.601
      Applications_Submitted             : -0.972
      First_Round_Interviews             : -1.136
      Second_Round_Interviews            : -0.889
    #3  index=14698  true=No Offer_Received  predicted=No Offer_Received  confidence=1.0000
    numeric features:
      GPA                                : +0.285
      Prior_Internships                  : +0.716
      Extra_Curricular_Activities        : -0.005
      Networking_Events_Attended         : +1.151
      Months_Searching                   : -1.601
      Applications_Submitted             : -1.039
      First_Round_Interviews             : -1.136
      Second_Round_Interviews            : -0.889

  ── WORST (wrong,   highest confidence) ──
    #1  index=3  true=No Offer_Received  predicted=Offer_Received  confidence=1.0000
    numeric features:
      GPA                                : -0.810
      Prior_Internships                  : -1.066
      Extra_Curricular_Activities        : -1.419
      Networking_Events_Attended         : -0.001
      Months_Searching                   : +0.143
      Applications_Submitted             : -0.351
      First_Round_Interviews             : -1.136
      Second_Round_Interviews            : -0.889
    #2  index=25  true=No Offer_Received  predicted=Offer_Received  confidence=1.0000
    numeric features:
      GPA                                : +0.489
      Prior_Internships                  : -0.175
      Extra_Curricular_Activities        : -1.419
      Networking_Events_Attended         : -0.578
      Months_Searching                   : -1.020
      Applications_Submitted             : -0.173
      First_Round_Interviews             : -1.136
      Second_Round_Interviews            : -0.889
    #3  index=306  true=No Offer_Received  predicted=Offer_Received  confidence=1.0000
    numeric features:
      GPA                                : -0.275
      Prior_Internships                  : +1.607
      Extra_Curricular_Activities        : +1.408
      Networking_Events_Attended         : -1.154
      Months_Searching                   : +0.433
      Applications_Submitted             : -0.440
      First_Round_Interviews             : -0.612
      Second_Round_Interviews            : -0.889

══════════════════════════════════════════════════════════════
  Individual prediction analysis : Gradient Boosting (tuned)
══════════════════════════════════════════════════════════════

  ── BEST (correct, highest confidence) ──
    #1  index=14096  true=No Offer_Received  predicted=No Offer_Received  confidence=1.0000
    numeric features:
      GPA                                : +0.336
      Prior_Internships                  : -1.066
      Extra_Curricular_Activities        : -0.712
      Networking_Events_Attended         : +1.151
      Months_Searching                   : -0.439
      Applications_Submitted             : -0.484
      First_Round_Interviews             : +2.010
      Second_Round_Interviews            : -0.889
    #2  index=3445  true=No Offer_Received  predicted=No Offer_Received  confidence=1.0000
    numeric features:
      GPA                                : +0.897
      Prior_Internships                  : -0.175
      Extra_Curricular_Activities        : -0.712
      Networking_Events_Attended         : -0.001
      Months_Searching                   : +0.433
      Applications_Submitted             : -0.373
      First_Round_Interviews             : +1.486
      Second_Round_Interviews            : -0.889
    #3  index=543  true=No Offer_Received  predicted=No Offer_Received  confidence=1.0000
    numeric features:
      GPA                                : +0.617
      Prior_Internships                  : +0.716
      Extra_Curricular_Activities        : -0.005
      Networking_Events_Attended         : -1.730
      Months_Searching                   : +0.724
      Applications_Submitted             : -0.573
      First_Round_Interviews             : +1.486
      Second_Round_Interviews            : -0.889

  ── WORST (wrong,   highest confidence) ──
    #1  index=1680  true=No Offer_Received  predicted=Offer_Received  confidence=1.0000
    numeric features:
      GPA                                : +1.406
      Prior_Internships                  : +1.607
      Extra_Curricular_Activities        : -0.005
      Networking_Events_Attended         : -1.154
      Months_Searching                   : +1.305
      Applications_Submitted             : -0.107
      First_Round_Interviews             : +2.010
      Second_Round_Interviews            : -0.889
    #2  index=2887  true=No Offer_Received  predicted=Offer_Received  confidence=1.0000
    numeric features:
      GPA                                : +1.304
      Prior_Internships                  : +0.716
      Extra_Curricular_Activities        : -0.005
      Networking_Events_Attended         : -0.578
      Months_Searching                   : -1.601
      Applications_Submitted             : -1.083
      First_Round_Interviews             : -0.612
      Second_Round_Interviews            : -0.889
    #3  index=10154  true=No Offer_Received  predicted=Offer_Received  confidence=1.0000
    numeric features:
      GPA                                : +1.559
      Prior_Internships                  : -1.066
      Extra_Curricular_Activities        : -0.005
      Networking_Events_Attended         : -0.578
      Months_Searching                   : -0.439
      Applications_Submitted             : -1.083
      First_Round_Interviews             : -1.136
      Second_Round_Interviews            : -0.889

══════════════════════════════════════════════════════════════
  Individual prediction analysis : Kernel SVM (Nystroem RBF)
══════════════════════════════════════════════════════════════

  ── BEST (correct, highest confidence) ──
    #1  index=18020  true=No Offer_Received  predicted=No Offer_Received  confidence=1.0000
    numeric features:
      GPA                                : +0.031
      Prior_Internships                  : -0.175
      Extra_Curricular_Activities        : -0.712
      Networking_Events_Attended         : +0.575
      Months_Searching                   : -0.148
      Applications_Submitted             : -0.284
      First_Round_Interviews             : +3.059
      Second_Round_Interviews            : -0.010
    #2  index=9811  true=No Offer_Received  predicted=No Offer_Received  confidence=1.0000
    numeric features:
      GPA                                : -0.708
      Prior_Internships                  : -0.175
      Extra_Curricular_Activities        : -0.005
      Networking_Events_Attended         : -0.001
      Months_Searching                   : -1.020
      Applications_Submitted             : -0.129
      First_Round_Interviews             : +3.583
      Second_Round_Interviews            : +0.869
    #3  index=10027  true=No Offer_Received  predicted=No Offer_Received  confidence=1.0000
    numeric features:
      GPA                                : +0.591
      Prior_Internships                  : -0.175
      Extra_Curricular_Activities        : -0.005
      Networking_Events_Attended         : -0.001
      Months_Searching                   : -0.729
      Applications_Submitted             : +0.670
      First_Round_Interviews             : -1.136
      Second_Round_Interviews            : -0.889

  ── WORST (wrong,   highest confidence) ──
    #1  index=2089  true=No Offer_Received  predicted=Offer_Received  confidence=1.0000
    numeric features:
      GPA                                : -0.581
      Prior_Internships                  : +0.716
      Extra_Curricular_Activities        : -0.005
      Networking_Events_Attended         : -0.001
      Months_Searching                   : -0.439
      Applications_Submitted             : -0.528
      First_Round_Interviews             : +2.535
      Second_Round_Interviews            : +1.747
    #2  index=11758  true=No Offer_Received  predicted=Offer_Received  confidence=1.0000
    numeric features:
      GPA                                : +0.285
      Prior_Internships                  : -1.066
      Extra_Curricular_Activities        : +0.701
      Networking_Events_Attended         : -1.154
      Months_Searching                   : -0.439
      Applications_Submitted             : -0.040
      First_Round_Interviews             : +3.059
      Second_Round_Interviews            : +1.747
    #3  index=17343  true=No Offer_Received  predicted=Offer_Received  confidence=1.0000
    numeric features:
      GPA                                : +0.005
      Prior_Internships                  : -0.175
      Extra_Curricular_Activities        : -0.712
      Networking_Events_Attended         : -0.001
      Months_Searching                   : -1.020
      Applications_Submitted             : +0.138
      First_Round_Interviews             : -1.136
      Second_Round_Interviews            : -0.889


══════════════════════════════════════════════════════════════
  FEATURE IMPORTANCE — top 12 (Base feature set)
══════════════════════════════════════════════════════════════
                         Feature  Decision Tree (tuned)  Random Forest (tuned)  Gradient Boosting (tuned)
         Second_Round_Interviews               0.618745               0.350741                   0.564015
          First_Round_Interviews               0.199155               0.313810                   0.253191
          Applications_Submitted               0.126023               0.083452                   0.097554
  Primary_Search_Platform_Indeed               0.021270               0.015173                   0.045729
               Prior_Internships               0.015566               0.035477                   0.023510
                             GPA               0.007007               0.050773                   0.005946
Primary_Search_Platform_LinkedIn               0.004900               0.009637                   0.005510
      Networking_Events_Attended               0.001799               0.025994                   0.000633
                Months_Searching               0.001792               0.031511                   0.001936
     Extra_Curricular_Activities               0.001054               0.022761                   0.000459
       Major_Category_Humanities               0.000546               0.004299                   0.000077
               School_Size_Small               0.000396               0.005508                   0.000065

==============================================================
Rank  Model                               Dataset  TestAcc
==============================================================
1     Gradient Boosting (tuned)           base      0.9132 ◄
2     Random Forest (tuned)               base      0.9082
3     Decision Tree (tuned)               base      0.9035
4     Kernel SVM (Nystroem RBF)           base      0.8866
5     KNN (tuned)                         FE        0.8824
6     Logistic Regression                 FE        0.8377
7     Ridge Logistic Regression           FE        0.8377
8     Lasso Logistic Regression           FE        0.8374
9     LinearSVC                           FE        0.8360
10    Baseline (Most Frequent)            —         0.6577
==============================================================

[main] Total wall time: 31.4 min

[export] Writing outputs to  '/home/wangy61/csse415termproject/finalscript/exported_models__binary__Offer_Received' ...
  saved  Gradient_Boosting_tuned.joblib
  saved  Random_Forest_tuned.joblib
  saved  Decision_Tree_tuned.joblib
  saved  Kernel_SVM_Nystroem_RBF.joblib
  saved  KNN_tuned.joblib
  saved  Logistic_Regression.joblib
  saved  Ridge_Logistic_Regression.joblib
  saved  Lasso_Logistic_Regression.joblib
  saved  LinearSVC.joblib
  saved  comparison.csv
  saved  README.md
[export] Done.
